../Core/Src/main.c:46:6:I2C_ReInit	8	static
../Core/Src/main.c:51:19:I2C_CheckError	88	static
../Core/Src/main.c:63:6:I2C_BusReset	32	static
../Core/Src/main.c:80:6:UART_Log	16	static
../Core/Src/main.c:84:5:main	192	static
../Core/Src/main.c:162:6:SystemClock_Config	96	static
../Core/Src/main.c:212:6:MX_I2C1_Init	8	static
../Core/Src/main.c:260:13:MX_USART2_UART_Init	8	static
../Core/Src/main.c:295:13:MX_GPIO_Init	48	static
../Core/Src/main.c:335:6:Error_Handler	4	static,ignoring_inline_asm
